src/app/(dashboard)/jobs/page.tsx(76,25): error TS7006: Parameter 'job' implicitly has an 'any' type.
src/lib/db.ts(1,10): error TS2305: Module '"@prisma/client"' has no exported member 'PrismaClient'.
